// Jest Snapshot v1, https://goo.gl/fbAQLP

exports[`should return the correct info 1`] = `
Object {
  "externals": Array [
    Object {
      "global": "PropTypes",
      "name": "prop-types",
      "url": "https://unpkg.com/prop-types@15.6.1/prop-types.min.js",
    },
    Object {
      "global": "React",
      "name": "react",
      "url": "https://unpkg.com/react@16.2.0/umd/react.production.min.js",
    },
    Object {
      "global": "ReactDOM",
      "name": "react-dom",
      "url": "https://unpkg.com/react-dom@16.2.0/umd/react-dom.production.min.js",
    },
  ],
  "type": "ot-oc-template-react-email",
}
`;
