// Jest Snapshot v1, https://goo.gl/fbAQLP

exports[`Should correctly compile the server 1`] = `
Object {
  "hashKey": "dummyData",
  "src": "server.js",
  "type": "node.js",
}
`;

exports[`Should correctly compile the server 2`] = `"module.exports=function(a){function b(d){if(c[d])return c[d].exports;var e=c[d]={i:d,l:!1,exports:{}};return a[d].call(e.exports,e,e.exports,b),e.l=!0,e.exports}var c={};return b.m=a,b.c=c,b.d=function(a,c,d){b.o(a,c)||Object.defineProperty(a,c,{enumerable:!0,get:d})},b.r=function(a){'undefined'!=typeof Symbol&&Symbol.toStringTag&&Object.defineProperty(a,Symbol.toStringTag,{value:'Module'}),Object.defineProperty(a,'__esModule',{value:!0})},b.t=function(a,c){if(1&c&&(a=b(a)),8&c)return a;if(4&c&&'object'==typeof a&&a&&a.__esModule)return a;var d=Object.create(null);if(b.r(d),Object.defineProperty(d,'default',{enumerable:!0,value:a}),2&c&&'string'!=typeof a)for(var e in a)b.d(d,e,function(b){return a[b]}.bind(null,e));return d},b.n=function(a){var c=a&&a.__esModule?function(){return a['default']}:function(){return a};return b.d(c,'a',c),c},b.o=function(a,b){return Object.prototype.hasOwnProperty.call(a,b)},b.p='',b(b.s=0)}([function(a,b,c){'use strict';c.r(b);const d=(a,b)=>{const c=a.params.name;return b(null,{name:c})};c.d(b,'data',function(){return e});const e=(a,b)=>{d(a,(c,d)=>{if(c)return b(c);const e=Object.assign({},d,{_staticPath:a.staticPath,_baseUrl:a.baseUrl,_componentName:'react-component',_componentVersion:'1.0.0'}),f=0===a.staticPath.indexOf('http'),g=f?a.staticPath:'https:'+a.staticPath;return b(null,Object.assign({},{reactComponent:{key:'666',src:g+'react-component.js',props:e}}))})}}]);"`;
