// Jest Snapshot v1, https://goo.gl/fbAQLP

exports[`Happy path 1`] = `
Object {
  "devDependencies": Object {
    "ot-oc-template-react-email-compiler": "*",
  },
  "name": "react-component",
  "oc": Object {
    "date": "",
    "files": Object {
      "dataProvider": Object {
        "hashKey": "7d318a91ac2a075835f3d21b9540d7888c1485b6",
        "src": "server.js",
        "type": "node.js",
      },
      "static": Array [
        "assets",
      ],
      "template": Object {
        "hashKey": "645ac3df91dad323fe217aaf1f61fb70f63d23f8",
        "src": "template.js",
        "type": "ot-oc-template-react-email",
        "version": "",
      },
    },
    "packaged": true,
    "version": "1.0.0",
  },
  "version": "1.0.0",
}
`;

exports[`Happy path 2`] = `
Array [
  Object {
    "path": "../../../mocks/react-component/_compile-tests-package1/assets/img/test.png",
    "source": "img-binary",
  },
  Object {
    "path": "../../../mocks/react-component/_compile-tests-package1/assets/js/lib.js",
    "source": "const text = \\"Hello World\\";
const say = something => console.log(something);
say(text);
",
  },
  Object {
    "path": "../../../mocks/react-component/_compile-tests-package1/package.json",
    "source": "{\\"name\\":\\"react-component\\",\\"version\\":\\"1.0.0\\",\\"oc\\":{\\"files\\":{\\"static\\":[\\"assets\\"],\\"template\\":{\\"type\\":\\"ot-oc-template-react-email\\",\\"hashKey\\":\\"645ac3df91dad323fe217aaf1f61fb70f63d23f8\\",\\"src\\":\\"template.js\\",\\"version\\":\\"6.6.6\\"},\\"dataProvider\\":{\\"type\\":\\"node.js\\",\\"hashKey\\":\\"7d318a91ac2a075835f3d21b9540d7888c1485b6\\",\\"src\\":\\"server.js\\"}},\\"version\\":\\"1.0.0\\",\\"packaged\\":true,},\\"devDependencies\\":{\\"ot-oc-template-react-email-compiler\\":\\"*\\"}}
",
  },
  Object {
    "path": "../../../mocks/react-component/_compile-tests-package1/react-component.js",
    "source": "var oc=oc||{};oc.reactComponents=oc.reactComponents||{};oc.reactComponents['95006dbf0f72b31905bce0cc0fc87067877f059f']=oc.reactComponents['95006dbf0f72b31905bce0cc0fc87067877f059f']||(function(){var module = (function(a){function b(d){if(c[d])return c[d].exports;var e=c[d]={i:d,l:!1,exports:{}};return a[d].call(e.exports,e,e.exports,b),e.l=!0,e.exports}var c={};return b.m=a,b.c=c,b.d=function(a,c,d){b.o(a,c)||Object.defineProperty(a,c,{configurable:!1,enumerable:!0,get:d})},b.n=function(a){var c=a&&a.__esModule?function(){return a['default']}:function(){return a};return b.d(c,'a',c),c},b.o=function(a,b){return Object.prototype.hasOwnProperty.call(a,b)},b.p='',b(b.s=1)})([function(a){a.exports=React},function(a,b,c){'use strict';function d(a,b){var c={};for(var d in a)0<=b.indexOf(d)||Object.prototype.hasOwnProperty.call(a,d)&&(c[d]=a[d]);return c}function e(a,b){if(!(a instanceof b))throw new TypeError('Cannot call a class as a function')}function f(a,b){if(!a)throw new ReferenceError('this hasn\\\\'t been initialised - super() hasn\\\\'t been called');return b&&('object'==typeof b||'function'==typeof b)?b:a}function g(a,b){if('function'!=typeof b&&null!==b)throw new TypeError('Super expression must either be null or a function, not '+typeof b);a.prototype=Object.create(b&&b.prototype,{constructor:{value:a,enumerable:!1,writable:!0,configurable:!0}}),b&&(Object.setPrototypeOf?Object.setPrototypeOf(a,b):a.__proto__=b)}Object.defineProperty(b,'__esModule',{value:!0});var h=c(2),i=c.n(h),j=c(0),k=c.n(j),l=c(3),m=function(a){function b(){return e(this,b),f(this,a.apply(this,arguments))}return g(b,a),b.prototype.componentDidMount=function(){var a=this.props,b=a._staticPath,c=a._baseUrl,e=a._componentName,f=a._componentVersion,g=d(a,['_staticPath','_baseUrl','_componentName','_componentVersion'])},b.prototype.getChildContext=function(){var a=this;return{getSetting:function(b){var c={name:a.props._componentName,version:a.props._componentVersion,baseUrl:a.props._baseUrl,staticPath:a.props._staticPath};return c[b]}}},b.prototype.render=function(){var a=this.props,b=a._staticPath,c=a._baseUrl,e=a._componentName,f=a._componentVersion,g=d(a,['_staticPath','_baseUrl','_componentName','_componentVersion']);return k.a.createElement(l.a,g)},b}(k.a.Component);m.childContextTypes={getSetting:i.a.func},b['default']=m},function(a){a.exports=PropTypes},function(a,b,c){'use strict';var d=c(0),e=c.n(d);b.a=function(){return e.a.createElement('div',null,'Hello')}}]);; return module.default}())",
  },
  Object {
    "path": "../../../mocks/react-component/_compile-tests-package1/server.js",
    "source": "module.exports=function(a){function b(d){if(c[d])return c[d].exports;var e=c[d]={i:d,l:!1,exports:{}};return a[d].call(e.exports,e,e.exports,b),e.l=!0,e.exports}var c={};return b.m=a,b.c=c,b.d=function(a,c,d){b.o(a,c)||Object.defineProperty(a,c,{configurable:!1,enumerable:!0,get:d})},b.n=function(a){var c=a&&a.__esModule?function(){return a['default']}:function(){return a};return b.d(c,'a',c),c},b.o=function(a,b){return Object.prototype.hasOwnProperty.call(a,b)},b.p='',b(b.s=0)}([function(a,b,c){'use strict';Object.defineProperty(b,'__esModule',{value:!0});var d=c(1);b.data=(a,b)=>{Object(d.a)(a,(c,d)=>{if(c)return b(c);const e=Object.assign({},d,{_staticPath:a.staticPath,_baseUrl:a.baseUrl,_componentName:'react-component',_componentVersion:'1.0.0'}),f=0===a.staticPath.indexOf('http'),g=f?a.staticPath:'https:'+a.staticPath;return b(null,Object.assign({},{reactComponent:{key:'95006dbf0f72b31905bce0cc0fc87067877f059f',src:g+'react-component.js',props:e}}))})}},function(a,b){'use strict';b.a=(a,b)=>{const c=a.params.name;return b(null,{name:c})}}]);",
  },
  Object {
    "path": "../../../mocks/react-component/_compile-tests-package1/template.js",
    "source": "var oc=oc||{};oc.components=oc.components||{};oc.components['645ac3df91dad323fe217aaf1f61fb70f63d23f8']=function(model){ return model.__html ? model.__html : ''; }",
  },
]
`;

exports[`Should handle empty static folder 1`] = `
Object {
  "devDependencies": Object {
    "ot-oc-template-react-email-compiler": "*",
  },
  "name": "react-component",
  "oc": Object {
    "date": "",
    "files": Object {
      "dataProvider": Object {
        "hashKey": "7d318a91ac2a075835f3d21b9540d7888c1485b6",
        "src": "server.js",
        "type": "node.js",
      },
      "static": Array [],
      "template": Object {
        "hashKey": "645ac3df91dad323fe217aaf1f61fb70f63d23f8",
        "src": "template.js",
        "type": "ot-oc-template-react-email",
        "version": "",
      },
    },
    "packaged": true,
    "version": "1.0.0",
  },
  "version": "1.0.0",
}
`;

exports[`Should handle empty static folder 2`] = `
Array [
  Object {
    "path": "../../../mocks/react-component/_compile-tests-package2/package.json",
    "source": "{\\"name\\":\\"react-component\\",\\"version\\":\\"1.0.0\\",\\"oc\\":{\\"files\\":{\\"template\\":{\\"type\\":\\"ot-oc-template-react-email\\",\\"hashKey\\":\\"645ac3df91dad323fe217aaf1f61fb70f63d23f8\\",\\"src\\":\\"template.js\\",\\"version\\":\\"6.6.6\\"},\\"dataProvider\\":{\\"type\\":\\"node.js\\",\\"hashKey\\":\\"7d318a91ac2a075835f3d21b9540d7888c1485b6\\",\\"src\\":\\"server.js\\"},\\"static\\":[]},\\"version\\":\\"1.0.0\\",\\"packaged\\":true,},\\"devDependencies\\":{\\"ot-oc-template-react-email-compiler\\":\\"*\\"}}
",
  },
  Object {
    "path": "../../../mocks/react-component/_compile-tests-package2/react-component.js",
    "source": "var oc=oc||{};oc.reactComponents=oc.reactComponents||{};oc.reactComponents['95006dbf0f72b31905bce0cc0fc87067877f059f']=oc.reactComponents['95006dbf0f72b31905bce0cc0fc87067877f059f']||(function(){var module = (function(a){function b(d){if(c[d])return c[d].exports;var e=c[d]={i:d,l:!1,exports:{}};return a[d].call(e.exports,e,e.exports,b),e.l=!0,e.exports}var c={};return b.m=a,b.c=c,b.d=function(a,c,d){b.o(a,c)||Object.defineProperty(a,c,{configurable:!1,enumerable:!0,get:d})},b.n=function(a){var c=a&&a.__esModule?function(){return a['default']}:function(){return a};return b.d(c,'a',c),c},b.o=function(a,b){return Object.prototype.hasOwnProperty.call(a,b)},b.p='',b(b.s=1)})([function(a){a.exports=React},function(a,b,c){'use strict';function d(a,b){var c={};for(var d in a)0<=b.indexOf(d)||Object.prototype.hasOwnProperty.call(a,d)&&(c[d]=a[d]);return c}function e(a,b){if(!(a instanceof b))throw new TypeError('Cannot call a class as a function')}function f(a,b){if(!a)throw new ReferenceError('this hasn\\\\'t been initialised - super() hasn\\\\'t been called');return b&&('object'==typeof b||'function'==typeof b)?b:a}function g(a,b){if('function'!=typeof b&&null!==b)throw new TypeError('Super expression must either be null or a function, not '+typeof b);a.prototype=Object.create(b&&b.prototype,{constructor:{value:a,enumerable:!1,writable:!0,configurable:!0}}),b&&(Object.setPrototypeOf?Object.setPrototypeOf(a,b):a.__proto__=b)}Object.defineProperty(b,'__esModule',{value:!0});var h=c(2),i=c.n(h),j=c(0),k=c.n(j),l=c(3),m=function(a){function b(){return e(this,b),f(this,a.apply(this,arguments))}return g(b,a),b.prototype.componentDidMount=function(){var a=this.props,b=a._staticPath,c=a._baseUrl,e=a._componentName,f=a._componentVersion,g=d(a,['_staticPath','_baseUrl','_componentName','_componentVersion'])},b.prototype.getChildContext=function(){var a=this;return{getSetting:function(b){var c={name:a.props._componentName,version:a.props._componentVersion,baseUrl:a.props._baseUrl,staticPath:a.props._staticPath};return c[b]}}},b.prototype.render=function(){var a=this.props,b=a._staticPath,c=a._baseUrl,e=a._componentName,f=a._componentVersion,g=d(a,['_staticPath','_baseUrl','_componentName','_componentVersion']);return k.a.createElement(l.a,g)},b}(k.a.Component);m.childContextTypes={getSetting:i.a.func},b['default']=m},function(a){a.exports=PropTypes},function(a,b,c){'use strict';var d=c(0),e=c.n(d);b.a=function(){return e.a.createElement('div',null,'Hello')}}]);; return module.default}())",
  },
  Object {
    "path": "../../../mocks/react-component/_compile-tests-package2/server.js",
    "source": "module.exports=function(a){function b(d){if(c[d])return c[d].exports;var e=c[d]={i:d,l:!1,exports:{}};return a[d].call(e.exports,e,e.exports,b),e.l=!0,e.exports}var c={};return b.m=a,b.c=c,b.d=function(a,c,d){b.o(a,c)||Object.defineProperty(a,c,{configurable:!1,enumerable:!0,get:d})},b.n=function(a){var c=a&&a.__esModule?function(){return a['default']}:function(){return a};return b.d(c,'a',c),c},b.o=function(a,b){return Object.prototype.hasOwnProperty.call(a,b)},b.p='',b(b.s=0)}([function(a,b,c){'use strict';Object.defineProperty(b,'__esModule',{value:!0});var d=c(1);b.data=(a,b)=>{Object(d.a)(a,(c,d)=>{if(c)return b(c);const e=Object.assign({},d,{_staticPath:a.staticPath,_baseUrl:a.baseUrl,_componentName:'react-component',_componentVersion:'1.0.0'}),f=0===a.staticPath.indexOf('http'),g=f?a.staticPath:'https:'+a.staticPath;return b(null,Object.assign({},{reactComponent:{key:'95006dbf0f72b31905bce0cc0fc87067877f059f',src:g+'react-component.js',props:e}}))})}},function(a,b){'use strict';b.a=(a,b)=>{const c=a.params.name;return b(null,{name:c})}}]);",
  },
  Object {
    "path": "../../../mocks/react-component/_compile-tests-package2/template.js",
    "source": "var oc=oc||{};oc.components=oc.components||{};oc.components['645ac3df91dad323fe217aaf1f61fb70f63d23f8']=function(model){ return model.__html ? model.__html : ''; }",
  },
]
`;

exports[`Should handle server.js-less components 1`] = `
Object {
  "devDependencies": Object {
    "ot-oc-template-react-email-compiler": "*",
  },
  "name": "react-component",
  "oc": Object {
    "date": "",
    "files": Object {
      "static": Array [
        "assets",
      ],
      "template": Object {
        "hashKey": "645ac3df91dad323fe217aaf1f61fb70f63d23f8",
        "src": "template.js",
        "type": "ot-oc-template-react-email",
        "version": "",
      },
    },
    "packaged": true,
    "version": "1.0.0",
  },
  "version": "1.0.0",
}
`;

exports[`Should handle server.js-less components 2`] = `
Array [
  Object {
    "path": "../../../mocks/react-component/_compile-tests-package4/assets/img/test.png",
    "source": "img-binary",
  },
  Object {
    "path": "../../../mocks/react-component/_compile-tests-package4/assets/js/lib.js",
    "source": "const text = \\"Hello World\\";
const say = something => console.log(something);
say(text);
",
  },
  Object {
    "path": "../../../mocks/react-component/_compile-tests-package4/package.json",
    "source": "{\\"name\\":\\"react-component\\",\\"version\\":\\"1.0.0\\",\\"oc\\":{\\"files\\":{\\"static\\":[\\"assets\\"],\\"template\\":{\\"type\\":\\"ot-oc-template-react-email\\",\\"hashKey\\":\\"645ac3df91dad323fe217aaf1f61fb70f63d23f8\\",\\"src\\":\\"template.js\\",\\"version\\":\\"6.6.6\\"}},\\"version\\":\\"1.0.0\\",\\"packaged\\":true,},\\"devDependencies\\":{\\"ot-oc-template-react-email-compiler\\":\\"*\\"}}
",
  },
  Object {
    "path": "../../../mocks/react-component/_compile-tests-package4/react-component.js",
    "source": "var oc=oc||{};oc.reactComponents=oc.reactComponents||{};oc.reactComponents['95006dbf0f72b31905bce0cc0fc87067877f059f']=oc.reactComponents['95006dbf0f72b31905bce0cc0fc87067877f059f']||(function(){var module = (function(a){function b(d){if(c[d])return c[d].exports;var e=c[d]={i:d,l:!1,exports:{}};return a[d].call(e.exports,e,e.exports,b),e.l=!0,e.exports}var c={};return b.m=a,b.c=c,b.d=function(a,c,d){b.o(a,c)||Object.defineProperty(a,c,{configurable:!1,enumerable:!0,get:d})},b.n=function(a){var c=a&&a.__esModule?function(){return a['default']}:function(){return a};return b.d(c,'a',c),c},b.o=function(a,b){return Object.prototype.hasOwnProperty.call(a,b)},b.p='',b(b.s=1)})([function(a){a.exports=React},function(a,b,c){'use strict';function d(a,b){var c={};for(var d in a)0<=b.indexOf(d)||Object.prototype.hasOwnProperty.call(a,d)&&(c[d]=a[d]);return c}function e(a,b){if(!(a instanceof b))throw new TypeError('Cannot call a class as a function')}function f(a,b){if(!a)throw new ReferenceError('this hasn\\\\'t been initialised - super() hasn\\\\'t been called');return b&&('object'==typeof b||'function'==typeof b)?b:a}function g(a,b){if('function'!=typeof b&&null!==b)throw new TypeError('Super expression must either be null or a function, not '+typeof b);a.prototype=Object.create(b&&b.prototype,{constructor:{value:a,enumerable:!1,writable:!0,configurable:!0}}),b&&(Object.setPrototypeOf?Object.setPrototypeOf(a,b):a.__proto__=b)}Object.defineProperty(b,'__esModule',{value:!0});var h=c(2),i=c.n(h),j=c(0),k=c.n(j),l=c(3),m=function(a){function b(){return e(this,b),f(this,a.apply(this,arguments))}return g(b,a),b.prototype.componentDidMount=function(){var a=this.props,b=a._staticPath,c=a._baseUrl,e=a._componentName,f=a._componentVersion,g=d(a,['_staticPath','_baseUrl','_componentName','_componentVersion'])},b.prototype.getChildContext=function(){var a=this;return{getSetting:function(b){var c={name:a.props._componentName,version:a.props._componentVersion,baseUrl:a.props._baseUrl,staticPath:a.props._staticPath};return c[b]}}},b.prototype.render=function(){var a=this.props,b=a._staticPath,c=a._baseUrl,e=a._componentName,f=a._componentVersion,g=d(a,['_staticPath','_baseUrl','_componentName','_componentVersion']);return k.a.createElement(l.a,g)},b}(k.a.Component);m.childContextTypes={getSetting:i.a.func},b['default']=m},function(a){a.exports=PropTypes},function(a,b,c){'use strict';var d=c(0),e=c.n(d);b.a=function(){return e.a.createElement('div',null,'Hello')}}]);; return module.default}())",
  },
  Object {
    "path": "../../../mocks/react-component/_compile-tests-package4/template.js",
    "source": "var oc=oc||{};oc.components=oc.components||{};oc.components['645ac3df91dad323fe217aaf1f61fb70f63d23f8']=function(model){ return model.__html ? model.__html : ''; }",
  },
]
`;

exports[`When files writing fails should return an error 1`] = `"app.js compilation failed - sorry I failed"`;
